[debug] [2026-08-22T14:02:57.896Z] ----------------------------------------------------------------------
[debug] [2026-08-22T14:02:57.901Z] Command:       /usr/local/bin/node /usr/local/bin/firebase projects:list
[debug] [2026-08-22T14:02:57.901Z] CLI Version:   15.18.0
[debug] [2026-08-22T14:02:57.901Z] Platform:      darwin
[debug] [2026-08-22T14:02:57.901Z] Node Version:  v24.15.0
[debug] [2026-08-22T14:02:57.901Z] Time:          Sat Aug 22 2026 14:02:57 GMT+0000 (Greenwich Mean Time)
[debug] [2026-08-22T14:02:57.901Z] ----------------------------------------------------------------------
[debug] 
[debug] [2026-08-22T14:02:57.987Z] > command requires scopes: ["email","openid","https://www.googleapis.com/auth/cloudplatformprojects.readonly","https://www.googleapis.com/auth/firebase","https://www.googleapis.com/auth/cloud-platform"]
[debug] [2026-08-22T14:02:57.987Z] > authorizing via signed-in user (johnsedofiadakey@gmail.com)
[debug] [2026-08-22T14:02:57.989Z] Checked if tokens are valid: false, expires at: 1787398203680
[debug] [2026-08-22T14:02:57.989Z] Checked if tokens are valid: false, expires at: 1787398203680
[debug] [2026-08-22T14:02:57.989Z] > refreshing access token with scopes: []
[debug] [2026-08-22T14:02:57.990Z] >>> [apiv2][query] POST https://www.googleapis.com/oauth2/v3/token [none]
[debug] [2026-08-22T14:02:57.990Z] >>> [apiv2][body] POST https://www.googleapis.com/oauth2/v3/token [omitted]
[debug] [2026-08-22T14:02:58.009Z] *** [apiv2] error from fetch(https://www.googleapis.com/oauth2/v3/token, {"headers":{},"method":"POST","body":{"_overheadLength":545,"_valueLength":212,"_valuesToMeasure":[],"writable":false,"readable":true,"dataSize":0,"maxDataSize":2097152,"pauseStreams":true,"_released":true,"_streams":[],"_currentStream":null,"_insideLoop":false,"_pendingNext":false,"_boundary":"--------------------------ca9cf5a9153aa4d0d9208eaf","_events":{},"_eventsCount":1}}): FetchError: request to https://www.googleapis.com/oauth2/v3/token failed, reason: getaddrinfo ENOTFOUND www.googleapis.com
[error] Authentication Error: Your credentials are no longer valid. Please run firebase login --reauth

For CI servers and headless environments, generate a new token with firebase login:ci
[debug] [2026-08-22T14:02:58.009Z] Authentication Error: Your credentials are no longer valid. Please run firebase login --reauth

For CI servers and headless environments, generate a new token with firebase login:ci
[debug] [2026-08-22T14:02:58.013Z] FirebaseError: Authentication Error: Your credentials are no longer valid. Please run firebase login --reauth

For CI servers and headless environments, generate a new token with firebase login:ci
    at invalidCredentialError (/usr/local/lib/node_modules/firebase-tools/lib/auth.js:177:12)
    at refreshTokens (/usr/local/lib/node_modules/firebase-tools/lib/auth.js:590:15)
    at process.processTicksAndRejections (node:internal/process/task_queues:104:5)
    at async getAccessToken (/usr/local/lib/node_modules/firebase-tools/lib/apiv2.js:52:18)
    at async Client.addAuthHeader (/usr/local/lib/node_modules/firebase-tools/lib/apiv2.js:182:21)
    at async Client.request (/usr/local/lib/node_modules/firebase-tools/lib/apiv2.js:129:34)
    at async getProjectPage (/usr/local/lib/node_modules/firebase-tools/lib/management/projects.js:287:17)
    at async getFirebaseProjectPage (/usr/local/lib/node_modules/firebase-tools/lib/management/projects.js:304:23)
    at async listFirebaseProjects (/usr/local/lib/node_modules/firebase-tools/lib/management/projects.js:333:29)
    at async Command.actionFn (/usr/local/lib/node_modules/firebase-tools/lib/commands/projects-list.js:51:20)
[error] 
[error] Error: Failed to list Firebase projects. See firebase-debug.log for more info.
[debug] [2026-08-22T14:02:58.276Z] Error: EPERM: operation not permitted, open '/Users/truth/.config/configstore/firebase-tools.json.1520511871'
    at Object.openSync (node:fs:561:18)
    at writeFile.writeFileSync [as sync] (/usr/local/lib/node_modules/firebase-tools/node_modules/write-file-atomic/index.js:205:13)
    at set all (/usr/local/lib/node_modules/firebase-tools/node_modules/configstore/index.js:61:20)
    at Configstore.delete (/usr/local/lib/node_modules/firebase-tools/node_modules/configstore/index.js:101:12)
    at process.<anonymous> (/usr/local/lib/node_modules/firebase-tools/lib/bin/cli.js:65:45)
    at process.emit (node:events:521:24)
    at process.exit (node:internal/process/per_thread:236:15)
    at Timeout._onTimeout (/usr/local/lib/node_modules/firebase-tools/lib/errorOut.js:20:17)
    at listOnTimeout (node:internal/timers:605:17)
    at process.processTimers (node:internal/timers:541:7)
[error] 
[error] Error: An unexpected error has occurred.
